// Jest Snapshot v1, https://goo.gl/fbAQLP

exports[`<Button /> basic render 1`] = `
<button>
  Send Data!
</button>
`;
